[debug] [2026-07-04T01:35:28.540Z] ----------------------------------------------------------------------
[debug] [2026-07-04T01:35:28.541Z] Command:       /opt/homebrew/Cellar/node@20/20.20.2/bin/node /opt/homebrew/bin/firebase deploy --only hosting --project spillthereel-caa31
[debug] [2026-07-04T01:35:28.542Z] CLI Version:   15.20.0
[debug] [2026-07-04T01:35:28.542Z] Platform:      darwin
[debug] [2026-07-04T01:35:28.542Z] Node Version:  v20.20.2
[debug] [2026-07-04T01:35:28.542Z] Time:          Sat Jul 04 2026 07:05:28 GMT+0530 (India Standard Time)
[debug] [2026-07-04T01:35:28.542Z] ----------------------------------------------------------------------
[debug] 
[debug] [2026-07-04T01:35:29.206Z] > command requires scopes: ["email","openid","https://www.googleapis.com/auth/cloudplatformprojects.readonly","https://www.googleapis.com/auth/firebase","https://www.googleapis.com/auth/cloud-platform"]
[debug] [2026-07-04T01:35:29.207Z] > authorizing via signed-in user (adityajadhav0723@gmail.com)
[debug] [2026-07-04T01:35:29.207Z] [iam] checking project spillthereel-caa31 for permissions ["firebase.projects.get","firebasehosting.sites.update"]
[debug] [2026-07-04T01:35:29.207Z] Checked if tokens are valid: true, expires at: 1783131166213
[debug] [2026-07-04T01:35:29.207Z] Checked if tokens are valid: true, expires at: 1783131166213
[debug] [2026-07-04T01:35:29.207Z] >>> [apiv2][query] POST https://cloudresourcemanager.googleapis.com/v1/projects/spillthereel-caa31:testIamPermissions [none]
[debug] [2026-07-04T01:35:29.208Z] >>> [apiv2][(partial)header] POST https://cloudresourcemanager.googleapis.com/v1/projects/spillthereel-caa31:testIamPermissions  x-goog-user-project=spillthereel-caa31
[debug] [2026-07-04T01:35:29.208Z] >>> [apiv2][body] POST https://cloudresourcemanager.googleapis.com/v1/projects/spillthereel-caa31:testIamPermissions {"permissions":["firebase.projects.get","firebasehosting.sites.update"]}
[debug] [2026-07-04T01:35:31.620Z] <<< [apiv2][status] POST https://cloudresourcemanager.googleapis.com/v1/projects/spillthereel-caa31:testIamPermissions 200
[debug] [2026-07-04T01:35:31.621Z] <<< [apiv2][body] POST https://cloudresourcemanager.googleapis.com/v1/projects/spillthereel-caa31:testIamPermissions {"permissions":["firebase.projects.get","firebasehosting.sites.update"]}
[debug] [2026-07-04T01:35:31.621Z] Checked if tokens are valid: true, expires at: 1783131166213
[debug] [2026-07-04T01:35:31.621Z] Checked if tokens are valid: true, expires at: 1783131166213
[debug] [2026-07-04T01:35:31.622Z] >>> [apiv2][query] GET https://firebase.googleapis.com/v1beta1/projects/spillthereel-caa31 [none]
[debug] [2026-07-04T01:35:32.321Z] <<< [apiv2][status] GET https://firebase.googleapis.com/v1beta1/projects/spillthereel-caa31 200
[debug] [2026-07-04T01:35:32.321Z] <<< [apiv2][body] GET https://firebase.googleapis.com/v1beta1/projects/spillthereel-caa31 {"projectId":"spillthereel-caa31","projectNumber":"829400295191","displayName":"spillthereel","name":"projects/spillthereel-caa31","resources":{"hostingSite":"spillthereel-caa31"},"state":"ACTIVE","labels":{"firebase":"enabled"},"etag":"1_bc64d998-1d99-4968-a434-865a09d3140b"}
[info] 
[info] === Deploying to 'spillthereel-caa31'...
[info] 
[info] i  deploying hosting 
[debug] [2026-07-04T01:35:32.324Z] Checked if tokens are valid: true, expires at: 1783131166213
[debug] [2026-07-04T01:35:32.325Z] Checked if tokens are valid: true, expires at: 1783131166213
[debug] [2026-07-04T01:35:32.325Z] >>> [apiv2][query] GET https://firebasehosting.googleapis.com/v1beta1/projects/spillthereel-caa31/sites/spillthereel-caa31 [none]
[debug] [2026-07-04T01:35:33.807Z] <<< [apiv2][status] GET https://firebasehosting.googleapis.com/v1beta1/projects/spillthereel-caa31/sites/spillthereel-caa31 200
[debug] [2026-07-04T01:35:33.807Z] <<< [apiv2][body] GET https://firebasehosting.googleapis.com/v1beta1/projects/spillthereel-caa31/sites/spillthereel-caa31 {"name":"projects/spillthereel-caa31/sites/spillthereel-caa31","defaultUrl":"https://spillthereel-caa31.web.app","appId":"1:829400295191:web:35df24b5311d65445f7952","type":"DEFAULT_SITE"}
[debug] [2026-07-04T01:35:33.811Z] Checked if tokens are valid: true, expires at: 1783131166213
[debug] [2026-07-04T01:35:33.811Z] Checked if tokens are valid: true, expires at: 1783131166213
[debug] [2026-07-04T01:35:33.811Z] >>> [apiv2][query] POST https://firebasehosting.googleapis.com/v1beta1/projects/-/sites/spillthereel-caa31/versions [none]
[debug] [2026-07-04T01:35:33.811Z] >>> [apiv2][body] POST https://firebasehosting.googleapis.com/v1beta1/projects/-/sites/spillthereel-caa31/versions {"status":"CREATED","labels":{"deployment-tool":"cli-firebase"}}
[debug] [2026-07-04T01:35:37.144Z] <<< [apiv2][status] POST https://firebasehosting.googleapis.com/v1beta1/projects/-/sites/spillthereel-caa31/versions 200
[debug] [2026-07-04T01:35:37.144Z] <<< [apiv2][body] POST https://firebasehosting.googleapis.com/v1beta1/projects/-/sites/spillthereel-caa31/versions {"name":"projects/829400295191/sites/spillthereel-caa31/versions/938b45ed53d09ee7","status":"CREATED","config":{},"labels":{"deployment-tool":"cli-firebase"}}
[info] i  hosting[spillthereel-caa31]: beginning deploy... 
[info] i  hosting[spillthereel-caa31]: found 11 files in dist 
[debug] [2026-07-04T01:35:40.432Z] [hosting] uploading with 200 concurrency
[debug] [2026-07-04T01:35:40.495Z] Checked if tokens are valid: true, expires at: 1783131166213
[debug] [2026-07-04T01:35:40.495Z] Checked if tokens are valid: true, expires at: 1783131166213
[debug] [2026-07-04T01:35:40.496Z] [hosting] hash cache [ZGlzdA] stored for 11 files
[debug] [2026-07-04T01:35:40.496Z] [hosting][hash queue][FINAL] {"max":60,"min":4,"avg":13.272727272727273,"active":0,"complete":11,"success":11,"errored":0,"retried":0,"total":11,"elapsed":63}
[debug] [2026-07-04T01:35:40.496Z] >>> [apiv2][query] POST https://firebasehosting.googleapis.com/v1beta1/projects/829400295191/sites/spillthereel-caa31/versions/938b45ed53d09ee7:populateFiles [none]
[debug] [2026-07-04T01:35:40.496Z] >>> [apiv2][body] POST https://firebasehosting.googleapis.com/v1beta1/projects/829400295191/sites/spillthereel-caa31/versions/938b45ed53d09ee7:populateFiles {"files":{"/sw.js":"3ac7efeb27643724ee4ae84a8abf2af36461b1654ea53fc30b753bc9ff81f15b","/metadata.json":"b5ef5f9672b8cfbac9303a0e2ff9d880a832b8c82e37d4d1c32f9a68efb29970","/manifest.json":"095fc3705b424abcd454f1e32c8738d18f2a04d9097485b3ff2918dd683746c3","/index.html":"cdaab4ff3c55767d393904099ce36517fd0e447bd4f7fe026c1c630469baa009","/favicon.ico":"20f7de86f6590b9d1376f4da67bd6cba31b6ae7453a961e9cbf3a5e25032bdbc","/icon-192.png":"4185736e9aac40e5c672e7c23497fd5c7fee9e86b27d2874f5b0e4e1bd7e692e","/assets/assets/logo.4a95abb6ac1443d9d79ac340c964675a.png":"6289d8e6621ca7770591aef689dc97f18e4f46729053bd24a66c7d80f94ae602","/favicon.png":"3e869f6156ca10938f9f2454ed89f2baaed86803317438f03b26e42337c012a7","/icon-512.png":"e89277e12ae1e4812acbe778f1a119e414796df43aa092e01d3ecb69cc82b576","/assets/assets/icon.3c20b4d97e303bd12a0798460e7addac.png":"3e869f6156ca10938f9f2454ed89f2baaed86803317438f03b26e42337c012a7","/_expo/static/js/web/index-c920b777c14203d8ae8dbf9bcc5aaf67.js":"dc9cbcee5d0bdc4dc53aa43747b16b8fe908c4075a26ed9712410c9b4bd3de28"}}
[info] i  hosting: adding files to version [0/11] (0%) 
[debug] [2026-07-04T01:35:42.963Z] <<< [apiv2][status] POST https://firebasehosting.googleapis.com/v1beta1/projects/829400295191/sites/spillthereel-caa31/versions/938b45ed53d09ee7:populateFiles 200
[debug] [2026-07-04T01:35:42.963Z] <<< [apiv2][body] POST https://firebasehosting.googleapis.com/v1beta1/projects/829400295191/sites/spillthereel-caa31/versions/938b45ed53d09ee7:populateFiles {"uploadRequiredHashes":["cdaab4ff3c55767d393904099ce36517fd0e447bd4f7fe026c1c630469baa009","dc9cbcee5d0bdc4dc53aa43747b16b8fe908c4075a26ed9712410c9b4bd3de28"],"uploadUrl":"https://upload-firebasehosting.googleapis.com/upload/sites/spillthereel-caa31/versions/938b45ed53d09ee7/files"}
[debug] [2026-07-04T01:35:42.964Z] Checked if tokens are valid: true, expires at: 1783131166213
[debug] [2026-07-04T01:35:42.964Z] Checked if tokens are valid: true, expires at: 1783131166213
[debug] [2026-07-04T01:35:42.964Z] Checked if tokens are valid: true, expires at: 1783131166213
[debug] [2026-07-04T01:35:42.964Z] Checked if tokens are valid: true, expires at: 1783131166213
[debug] [2026-07-04T01:35:42.965Z] >>> [apiv2][query] POST https://upload-firebasehosting.googleapis.com/upload/sites/spillthereel-caa31/versions/938b45ed53d09ee7/files/cdaab4ff3c55767d393904099ce36517fd0e447bd4f7fe026c1c630469baa009 [none]
[debug] [2026-07-04T01:35:42.965Z] >>> [apiv2][body] POST https://upload-firebasehosting.googleapis.com/upload/sites/spillthereel-caa31/versions/938b45ed53d09ee7/files/cdaab4ff3c55767d393904099ce36517fd0e447bd4f7fe026c1c630469baa009 [stream]
[debug] [2026-07-04T01:35:42.967Z] >>> [apiv2][query] POST https://upload-firebasehosting.googleapis.com/upload/sites/spillthereel-caa31/versions/938b45ed53d09ee7/files/dc9cbcee5d0bdc4dc53aa43747b16b8fe908c4075a26ed9712410c9b4bd3de28 [none]
[debug] [2026-07-04T01:35:42.967Z] >>> [apiv2][body] POST https://upload-firebasehosting.googleapis.com/upload/sites/spillthereel-caa31/versions/938b45ed53d09ee7/files/dc9cbcee5d0bdc4dc53aa43747b16b8fe908c4075a26ed9712410c9b4bd3de28 [stream]
[debug] [2026-07-04T01:35:42.968Z] [hosting][populate queue][FINAL] {"max":2469,"min":2469,"avg":2469,"active":0,"complete":1,"success":1,"errored":0,"retried":0,"total":1,"elapsed":2473}
[debug] [2026-07-04T01:35:42.968Z] [hosting] uploads queued: 2
[info] i  hosting: uploading new files [0/2] (0%) 
[info] i  hosting: uploading new files [0/2] (0%) 
[debug] [2026-07-04T01:35:46.607Z] <<< [apiv2][status] POST https://upload-firebasehosting.googleapis.com/upload/sites/spillthereel-caa31/versions/938b45ed53d09ee7/files/cdaab4ff3c55767d393904099ce36517fd0e447bd4f7fe026c1c630469baa009 200
[debug] [2026-07-04T01:35:46.607Z] <<< [apiv2][body] POST https://upload-firebasehosting.googleapis.com/upload/sites/spillthereel-caa31/versions/938b45ed53d09ee7/files/cdaab4ff3c55767d393904099ce36517fd0e447bd4f7fe026c1c630469baa009 [stream]
[info] i  hosting: uploading new files [1/2] (50%) 
[debug] [2026-07-04T01:35:48.945Z] <<< [apiv2][status] POST https://upload-firebasehosting.googleapis.com/upload/sites/spillthereel-caa31/versions/938b45ed53d09ee7/files/dc9cbcee5d0bdc4dc53aa43747b16b8fe908c4075a26ed9712410c9b4bd3de28 200
[debug] [2026-07-04T01:35:48.946Z] <<< [apiv2][body] POST https://upload-firebasehosting.googleapis.com/upload/sites/spillthereel-caa31/versions/938b45ed53d09ee7/files/dc9cbcee5d0bdc4dc53aa43747b16b8fe908c4075a26ed9712410c9b4bd3de28 [stream]
[debug] [2026-07-04T01:35:48.946Z] [hosting][upload queue][FINAL] {"max":5982,"min":3644,"avg":4813,"active":0,"complete":2,"success":2,"errored":0,"retried":0,"total":2,"elapsed":5983}
[info] i  hosting: upload complete 
[info] ✔  hosting[spillthereel-caa31]: file upload complete 
[debug] [2026-07-04T01:35:48.947Z] [hosting] deploy completed after 8532ms
[debug] [2026-07-04T01:35:48.948Z] [
  {
    "config": {
      "public": "dist",
      "ignore": [
        "firebase.json",
        "**/.*",
        "**/node_modules/**"
      ],
      "rewrites": [
        {
          "source": "**",
          "destination": "/index.html"
        }
      ],
      "headers": [
        {
          "source": "**/*.@(js|css|webp|png|jpg|jpeg|svg|woff2)",
          "headers": [
            {
              "key": "Cache-Control",
              "value": "public, max-age=31536000, immutable"
            }
          ]
        }
      ],
      "site": "spillthereel-caa31"
    },
    "version": "projects/829400295191/sites/spillthereel-caa31/versions/938b45ed53d09ee7"
  }
]
[info] i  hosting[spillthereel-caa31]: finalizing version... 
[debug] [2026-07-04T01:35:48.951Z] Checked if tokens are valid: true, expires at: 1783131166213
[debug] [2026-07-04T01:35:48.951Z] Checked if tokens are valid: true, expires at: 1783131166213
[debug] [2026-07-04T01:35:48.952Z] >>> [apiv2][query] PATCH https://firebasehosting.googleapis.com/v1beta1/projects/-/sites/spillthereel-caa31/versions/938b45ed53d09ee7 updateMask=status%2Cconfig
[debug] [2026-07-04T01:35:48.952Z] >>> [apiv2][body] PATCH https://firebasehosting.googleapis.com/v1beta1/projects/-/sites/spillthereel-caa31/versions/938b45ed53d09ee7 {"status":"FINALIZED","config":{"rewrites":[{"glob":"**","path":"/index.html"}],"headers":[{"glob":"**/*.@(js|css|webp|png|jpg|jpeg|svg|woff2)","headers":{"Cache-Control":"public, max-age=31536000, immutable"}}]}}
[debug] [2026-07-04T01:35:50.654Z] <<< [apiv2][status] PATCH https://firebasehosting.googleapis.com/v1beta1/projects/-/sites/spillthereel-caa31/versions/938b45ed53d09ee7 200
[debug] [2026-07-04T01:35:50.655Z] <<< [apiv2][body] PATCH https://firebasehosting.googleapis.com/v1beta1/projects/-/sites/spillthereel-caa31/versions/938b45ed53d09ee7 {"name":"projects/829400295191/sites/spillthereel-caa31/versions/938b45ed53d09ee7","status":"FINALIZED","config":{"headers":[{"headers":{"Cache-Control":"public, max-age=31536000, immutable"},"glob":"**/*.@(js|css|webp|png|jpg|jpeg|svg|woff2)"}],"rewrites":[{"glob":"**","path":"/index.html"}]},"labels":{"deployment-tool":"cli-firebase"},"createTime":"2026-07-04T01:35:36.217776Z","createUser":{"email":"adityajadhav0723@gmail.com"},"finalizeTime":"2026-07-04T01:35:50.449505Z","finalizeUser":{"email":"adityajadhav0723@gmail.com"}}
[debug] [2026-07-04T01:35:50.655Z] [hosting] finalized version for spillthereel-caa31:[object Object]
[info] ✔  hosting[spillthereel-caa31]: version finalized 
[info] i  hosting[spillthereel-caa31]: releasing new version... 
[debug] [2026-07-04T01:35:50.655Z] Checked if tokens are valid: true, expires at: 1783131166213
[debug] [2026-07-04T01:35:50.657Z] Checked if tokens are valid: true, expires at: 1783131166213
[debug] [2026-07-04T01:35:50.657Z] >>> [apiv2][query] POST https://firebasehosting.googleapis.com/v1beta1/projects/-/sites/spillthereel-caa31/channels/live/releases versionName=projects%2F829400295191%2Fsites%2Fspillthereel-caa31%2Fversions%2F938b45ed53d09ee7
[debug] [2026-07-04T01:35:50.657Z] >>> [apiv2][body] POST https://firebasehosting.googleapis.com/v1beta1/projects/-/sites/spillthereel-caa31/channels/live/releases {}
[debug] [2026-07-04T01:35:53.399Z] <<< [apiv2][status] POST https://firebasehosting.googleapis.com/v1beta1/projects/-/sites/spillthereel-caa31/channels/live/releases 200
[debug] [2026-07-04T01:35:53.399Z] <<< [apiv2][body] POST https://firebasehosting.googleapis.com/v1beta1/projects/-/sites/spillthereel-caa31/channels/live/releases {"name":"projects/829400295191/sites/spillthereel-caa31/channels/live/releases/1783128952519000","version":{"name":"projects/829400295191/sites/spillthereel-caa31/versions/938b45ed53d09ee7","status":"FINALIZED","config":{"headers":[{"headers":{"Cache-Control":"public, max-age=31536000, immutable"},"glob":"**/*.@(js|css|webp|png|jpg|jpeg|svg|woff2)"}],"rewrites":[{"glob":"**","path":"/index.html"}]},"labels":{"deployment-tool":"cli-firebase"},"createTime":"2026-07-04T01:35:36.217776Z","createUser":{"email":"adityajadhav0723@gmail.com","imageUrl":"https://lh3.googleusercontent.com/a/ACg8ocJz4_Cliew1wPXMLOJ1cxC2l3KltRyMvitETfl-sUUCeYR7kQ=mo"},"finalizeTime":"2026-07-04T01:35:50.449505Z","finalizeUser":{"email":"adityajadhav0723@gmail.com","imageUrl":"https://lh3.googleusercontent.com/a/ACg8ocJz4_Cliew1wPXMLOJ1cxC2l3KltRyMvitETfl-sUUCeYR7kQ=mo"}},"type":"DEPLOY","releaseTime":"2026-07-04T01:35:52.519Z","releaseUser":{"email":"adityajadhav0723@gmail.com","imageUrl":"https://lh3.googleusercontent.com/a/ACg8ocJz4_Cliew1wPXMLOJ1cxC2l3KltRyMvitETfl-sUUCeYR7kQ=mo"}}
[debug] [2026-07-04T01:35:53.400Z] [hosting] release: {"name":"projects/829400295191/sites/spillthereel-caa31/channels/live/releases/1783128952519000","version":{"name":"projects/829400295191/sites/spillthereel-caa31/versions/938b45ed53d09ee7","status":"FINALIZED","config":{"headers":[{"headers":{"Cache-Control":"public, max-age=31536000, immutable"},"glob":"**/*.@(js|css|webp|png|jpg|jpeg|svg|woff2)"}],"rewrites":[{"glob":"**","path":"/index.html"}]},"labels":{"deployment-tool":"cli-firebase"},"createTime":"2026-07-04T01:35:36.217776Z","createUser":{"email":"adityajadhav0723@gmail.com","imageUrl":"https://lh3.googleusercontent.com/a/ACg8ocJz4_Cliew1wPXMLOJ1cxC2l3KltRyMvitETfl-sUUCeYR7kQ=mo"},"finalizeTime":"2026-07-04T01:35:50.449505Z","finalizeUser":{"email":"adityajadhav0723@gmail.com","imageUrl":"https://lh3.googleusercontent.com/a/ACg8ocJz4_Cliew1wPXMLOJ1cxC2l3KltRyMvitETfl-sUUCeYR7kQ=mo"}},"type":"DEPLOY","releaseTime":"2026-07-04T01:35:52.519Z","releaseUser":{"email":"adityajadhav0723@gmail.com","imageUrl":"https://lh3.googleusercontent.com/a/ACg8ocJz4_Cliew1wPXMLOJ1cxC2l3KltRyMvitETfl-sUUCeYR7kQ=mo"}}
[info] ✔  hosting[spillthereel-caa31]: release complete 
[info] 
[info] ✔  Deploy complete! 
[info] 
[info] Project Console: https://console.firebase.google.com/project/spillthereel-caa31/overview
[info] Hosting URL: https://spillthereel-caa31.web.app
[debug] [2026-07-04T01:36:00.181Z] Error: Timed out.
    at Timeout.<anonymous> (/opt/homebrew/lib/node_modules/firebase-tools/lib/utils.js:310:49)
    at listOnTimeout (node:internal/timers:581:17)
    at process.processTimers (node:internal/timers:519:7)
[error] 
[error] Error: An unexpected error has occurred.
[debug] [2026-07-04T01:44:25.172Z] ----------------------------------------------------------------------
[debug] [2026-07-04T01:44:25.173Z] Command:       /opt/homebrew/Cellar/node@20/20.20.2/bin/node /opt/homebrew/bin/firebase deploy --only hosting --project spillthereel-caa31 --debug
[debug] [2026-07-04T01:44:25.173Z] CLI Version:   15.20.0
[debug] [2026-07-04T01:44:25.173Z] Platform:      darwin
[debug] [2026-07-04T01:44:25.173Z] Node Version:  v20.20.2
[debug] [2026-07-04T01:44:25.173Z] Time:          Sat Jul 04 2026 07:14:25 GMT+0530 (India Standard Time)
[debug] [2026-07-04T01:44:25.173Z] ----------------------------------------------------------------------
[debug] 
[debug] [2026-07-04T01:44:25.836Z] > command requires scopes: ["email","openid","https://www.googleapis.com/auth/cloudplatformprojects.readonly","https://www.googleapis.com/auth/firebase","https://www.googleapis.com/auth/cloud-platform"]
[debug] [2026-07-04T01:44:25.836Z] > authorizing via signed-in user (adityajadhav0723@gmail.com)
[debug] [2026-07-04T01:44:25.836Z] [iam] checking project spillthereel-caa31 for permissions ["firebase.projects.get","firebasehosting.sites.update"]
[debug] [2026-07-04T01:44:25.837Z] Checked if tokens are valid: true, expires at: 1783131166213
[debug] [2026-07-04T01:44:25.837Z] Checked if tokens are valid: true, expires at: 1783131166213
[debug] [2026-07-04T01:44:25.837Z] >>> [apiv2][query] POST https://cloudresourcemanager.googleapis.com/v1/projects/spillthereel-caa31:testIamPermissions [none]
[debug] [2026-07-04T01:44:25.837Z] >>> [apiv2][(partial)header] POST https://cloudresourcemanager.googleapis.com/v1/projects/spillthereel-caa31:testIamPermissions  x-goog-user-project=spillthereel-caa31
[debug] [2026-07-04T01:44:25.837Z] >>> [apiv2][body] POST https://cloudresourcemanager.googleapis.com/v1/projects/spillthereel-caa31:testIamPermissions {"permissions":["firebase.projects.get","firebasehosting.sites.update"]}
[debug] [2026-07-04T01:44:27.767Z] <<< [apiv2][status] POST https://cloudresourcemanager.googleapis.com/v1/projects/spillthereel-caa31:testIamPermissions 200
[debug] [2026-07-04T01:44:27.767Z] <<< [apiv2][body] POST https://cloudresourcemanager.googleapis.com/v1/projects/spillthereel-caa31:testIamPermissions {"permissions":["firebase.projects.get","firebasehosting.sites.update"]}
[debug] [2026-07-04T01:44:27.768Z] Checked if tokens are valid: true, expires at: 1783131166213
[debug] [2026-07-04T01:44:27.768Z] Checked if tokens are valid: true, expires at: 1783131166213
[debug] [2026-07-04T01:44:27.768Z] >>> [apiv2][query] GET https://firebase.googleapis.com/v1beta1/projects/spillthereel-caa31 [none]
[debug] [2026-07-04T01:44:28.529Z] <<< [apiv2][status] GET https://firebase.googleapis.com/v1beta1/projects/spillthereel-caa31 200
[debug] [2026-07-04T01:44:28.530Z] <<< [apiv2][body] GET https://firebase.googleapis.com/v1beta1/projects/spillthereel-caa31 {"projectId":"spillthereel-caa31","projectNumber":"829400295191","displayName":"spillthereel","name":"projects/spillthereel-caa31","resources":{"hostingSite":"spillthereel-caa31"},"state":"ACTIVE","labels":{"firebase":"enabled"},"etag":"1_bc64d998-1d99-4968-a434-865a09d3140b"}
[info] 
[info] === Deploying to 'spillthereel-caa31'...
[info] 
[info] i  deploying hosting 
[debug] [2026-07-04T01:44:28.533Z] Checked if tokens are valid: true, expires at: 1783131166213
[debug] [2026-07-04T01:44:28.533Z] Checked if tokens are valid: true, expires at: 1783131166213
[debug] [2026-07-04T01:44:28.533Z] >>> [apiv2][query] GET https://firebasehosting.googleapis.com/v1beta1/projects/spillthereel-caa31/sites/spillthereel-caa31 [none]
[debug] [2026-07-04T01:44:30.020Z] <<< [apiv2][status] GET https://firebasehosting.googleapis.com/v1beta1/projects/spillthereel-caa31/sites/spillthereel-caa31 200
[debug] [2026-07-04T01:44:30.020Z] <<< [apiv2][body] GET https://firebasehosting.googleapis.com/v1beta1/projects/spillthereel-caa31/sites/spillthereel-caa31 {"name":"projects/spillthereel-caa31/sites/spillthereel-caa31","defaultUrl":"https://spillthereel-caa31.web.app","appId":"1:829400295191:web:35df24b5311d65445f7952","type":"DEFAULT_SITE"}
[debug] [2026-07-04T01:44:30.023Z] Checked if tokens are valid: true, expires at: 1783131166213
[debug] [2026-07-04T01:44:30.023Z] Checked if tokens are valid: true, expires at: 1783131166213
[debug] [2026-07-04T01:44:30.023Z] >>> [apiv2][query] POST https://firebasehosting.googleapis.com/v1beta1/projects/-/sites/spillthereel-caa31/versions [none]
[debug] [2026-07-04T01:44:30.023Z] >>> [apiv2][body] POST https://firebasehosting.googleapis.com/v1beta1/projects/-/sites/spillthereel-caa31/versions {"status":"CREATED","labels":{"deployment-tool":"cli-firebase"}}
[debug] [2026-07-04T01:44:31.426Z] <<< [apiv2][status] POST https://firebasehosting.googleapis.com/v1beta1/projects/-/sites/spillthereel-caa31/versions 200
[debug] [2026-07-04T01:44:31.426Z] <<< [apiv2][body] POST https://firebasehosting.googleapis.com/v1beta1/projects/-/sites/spillthereel-caa31/versions {"name":"projects/829400295191/sites/spillthereel-caa31/versions/5d0e8c06cfd4018c","status":"CREATED","config":{},"labels":{"deployment-tool":"cli-firebase"}}
[info] i  hosting[spillthereel-caa31]: beginning deploy... 
[info] i  hosting[spillthereel-caa31]: found 11 files in dist 
[debug] [2026-07-04T01:44:31.441Z] [hosting] uploading with 200 concurrency
[debug] [2026-07-04T01:44:31.507Z] Checked if tokens are valid: true, expires at: 1783131166213
[debug] [2026-07-04T01:44:31.507Z] Checked if tokens are valid: true, expires at: 1783131166213
[debug] [2026-07-04T01:44:31.507Z] [hosting] hash cache [ZGlzdA] stored for 11 files
[debug] [2026-07-04T01:44:31.508Z] [hosting][hash queue][FINAL] {"max":63,"min":4,"avg":12.818181818181818,"active":0,"complete":11,"success":11,"errored":0,"retried":0,"total":11,"elapsed":66}
[debug] [2026-07-04T01:44:31.508Z] >>> [apiv2][query] POST https://firebasehosting.googleapis.com/v1beta1/projects/829400295191/sites/spillthereel-caa31/versions/5d0e8c06cfd4018c:populateFiles [none]
[debug] [2026-07-04T01:44:31.508Z] >>> [apiv2][body] POST https://firebasehosting.googleapis.com/v1beta1/projects/829400295191/sites/spillthereel-caa31/versions/5d0e8c06cfd4018c:populateFiles {"files":{"/sw.js":"3ac7efeb27643724ee4ae84a8abf2af36461b1654ea53fc30b753bc9ff81f15b","/metadata.json":"b5ef5f9672b8cfbac9303a0e2ff9d880a832b8c82e37d4d1c32f9a68efb29970","/index.html":"cdaab4ff3c55767d393904099ce36517fd0e447bd4f7fe026c1c630469baa009","/manifest.json":"095fc3705b424abcd454f1e32c8738d18f2a04d9097485b3ff2918dd683746c3","/favicon.ico":"20f7de86f6590b9d1376f4da67bd6cba31b6ae7453a961e9cbf3a5e25032bdbc","/icon-192.png":"4185736e9aac40e5c672e7c23497fd5c7fee9e86b27d2874f5b0e4e1bd7e692e","/assets/assets/logo.4a95abb6ac1443d9d79ac340c964675a.png":"6289d8e6621ca7770591aef689dc97f18e4f46729053bd24a66c7d80f94ae602","/favicon.png":"3e869f6156ca10938f9f2454ed89f2baaed86803317438f03b26e42337c012a7","/assets/assets/icon.3c20b4d97e303bd12a0798460e7addac.png":"3e869f6156ca10938f9f2454ed89f2baaed86803317438f03b26e42337c012a7","/icon-512.png":"e89277e12ae1e4812acbe778f1a119e414796df43aa092e01d3ecb69cc82b576","/_expo/static/js/web/index-c920b777c14203d8ae8dbf9bcc5aaf67.js":"dc9cbcee5d0bdc4dc53aa43747b16b8fe908c4075a26ed9712410c9b4bd3de28"}}
[info] i  hosting: adding files to version [0/11] (0%) 
[debug] [2026-07-04T01:44:33.712Z] <<< [apiv2][status] POST https://firebasehosting.googleapis.com/v1beta1/projects/829400295191/sites/spillthereel-caa31/versions/5d0e8c06cfd4018c:populateFiles 200
[debug] [2026-07-04T01:44:33.712Z] <<< [apiv2][body] POST https://firebasehosting.googleapis.com/v1beta1/projects/829400295191/sites/spillthereel-caa31/versions/5d0e8c06cfd4018c:populateFiles {"uploadUrl":"https://upload-firebasehosting.googleapis.com/upload/sites/spillthereel-caa31/versions/5d0e8c06cfd4018c/files"}
[debug] [2026-07-04T01:44:33.713Z] [hosting][populate queue][FINAL] {"max":2205,"min":2205,"avg":2205,"active":0,"complete":1,"success":1,"errored":0,"retried":0,"total":1,"elapsed":2206}
[debug] [2026-07-04T01:44:33.713Z] [hosting] uploads queued: 0
[debug] [2026-07-04T01:44:33.713Z] [hosting][upload queue][FINAL] {"max":0,"min":9999999999,"avg":0,"active":0,"complete":0,"success":0,"errored":0,"retried":0,"total":0,"elapsed":1783129473713}
[info] i  hosting: upload complete 
[info] ✔  hosting[spillthereel-caa31]: file upload complete 
[debug] [2026-07-04T01:44:33.714Z] [hosting] deploy completed after 2285ms
[debug] [2026-07-04T01:44:33.714Z] [
  {
    "config": {
      "public": "dist",
      "ignore": [
        "firebase.json",
        "**/.*",
        "**/node_modules/**"
      ],
      "rewrites": [
        {
          "source": "**",
          "destination": "/index.html"
        }
      ],
      "headers": [
        {
          "source": "**/*.@(js|css|webp|png|jpg|jpeg|svg|woff2)",
          "headers": [
            {
              "key": "Cache-Control",
              "value": "public, max-age=31536000, immutable"
            }
          ]
        }
      ],
      "site": "spillthereel-caa31"
    },
    "version": "projects/829400295191/sites/spillthereel-caa31/versions/5d0e8c06cfd4018c"
  }
]
[info] i  hosting[spillthereel-caa31]: finalizing version... 
[debug] [2026-07-04T01:44:33.716Z] Checked if tokens are valid: true, expires at: 1783131166213
[debug] [2026-07-04T01:44:33.716Z] Checked if tokens are valid: true, expires at: 1783131166213
[debug] [2026-07-04T01:44:33.716Z] >>> [apiv2][query] PATCH https://firebasehosting.googleapis.com/v1beta1/projects/-/sites/spillthereel-caa31/versions/5d0e8c06cfd4018c updateMask=status%2Cconfig
[debug] [2026-07-04T01:44:33.717Z] >>> [apiv2][body] PATCH https://firebasehosting.googleapis.com/v1beta1/projects/-/sites/spillthereel-caa31/versions/5d0e8c06cfd4018c {"status":"FINALIZED","config":{"rewrites":[{"glob":"**","path":"/index.html"}],"headers":[{"glob":"**/*.@(js|css|webp|png|jpg|jpeg|svg|woff2)","headers":{"Cache-Control":"public, max-age=31536000, immutable"}}]}}
[debug] [2026-07-04T01:44:35.561Z] <<< [apiv2][status] PATCH https://firebasehosting.googleapis.com/v1beta1/projects/-/sites/spillthereel-caa31/versions/5d0e8c06cfd4018c 200
[debug] [2026-07-04T01:44:35.562Z] <<< [apiv2][body] PATCH https://firebasehosting.googleapis.com/v1beta1/projects/-/sites/spillthereel-caa31/versions/5d0e8c06cfd4018c {"name":"projects/829400295191/sites/spillthereel-caa31/versions/5d0e8c06cfd4018c","status":"FINALIZED","config":{"headers":[{"headers":{"Cache-Control":"public, max-age=31536000, immutable"},"glob":"**/*.@(js|css|webp|png|jpg|jpeg|svg|woff2)"}],"rewrites":[{"glob":"**","path":"/index.html"}]},"labels":{"deployment-tool":"cli-firebase"},"createTime":"2026-07-04T01:44:30.570114Z","createUser":{"email":"adityajadhav0723@gmail.com"},"finalizeTime":"2026-07-04T01:44:35.366270Z","finalizeUser":{"email":"adityajadhav0723@gmail.com"}}
[debug] [2026-07-04T01:44:35.562Z] [hosting] finalized version for spillthereel-caa31:[object Object]
[info] ✔  hosting[spillthereel-caa31]: version finalized 
[info] i  hosting[spillthereel-caa31]: releasing new version... 
[debug] [2026-07-04T01:44:35.562Z] Checked if tokens are valid: true, expires at: 1783131166213
[debug] [2026-07-04T01:44:35.563Z] Checked if tokens are valid: true, expires at: 1783131166213
[debug] [2026-07-04T01:44:35.563Z] >>> [apiv2][query] POST https://firebasehosting.googleapis.com/v1beta1/projects/-/sites/spillthereel-caa31/channels/live/releases versionName=projects%2F829400295191%2Fsites%2Fspillthereel-caa31%2Fversions%2F5d0e8c06cfd4018c
[debug] [2026-07-04T01:44:35.563Z] >>> [apiv2][body] POST https://firebasehosting.googleapis.com/v1beta1/projects/-/sites/spillthereel-caa31/channels/live/releases {}
[debug] [2026-07-04T01:44:36.799Z] <<< [apiv2][status] POST https://firebasehosting.googleapis.com/v1beta1/projects/-/sites/spillthereel-caa31/channels/live/releases 200
[debug] [2026-07-04T01:44:36.799Z] <<< [apiv2][body] POST https://firebasehosting.googleapis.com/v1beta1/projects/-/sites/spillthereel-caa31/channels/live/releases {"name":"projects/829400295191/sites/spillthereel-caa31/channels/live/releases/1783129475866000","version":{"name":"projects/829400295191/sites/spillthereel-caa31/versions/5d0e8c06cfd4018c","status":"FINALIZED","config":{"headers":[{"headers":{"Cache-Control":"public, max-age=31536000, immutable"},"glob":"**/*.@(js|css|webp|png|jpg|jpeg|svg|woff2)"}],"rewrites":[{"glob":"**","path":"/index.html"}]},"labels":{"deployment-tool":"cli-firebase"},"createTime":"2026-07-04T01:44:30.570114Z","createUser":{"email":"adityajadhav0723@gmail.com","imageUrl":"https://lh3.googleusercontent.com/a/ACg8ocJz4_Cliew1wPXMLOJ1cxC2l3KltRyMvitETfl-sUUCeYR7kQ=mo"},"finalizeTime":"2026-07-04T01:44:35.366270Z","finalizeUser":{"email":"adityajadhav0723@gmail.com","imageUrl":"https://lh3.googleusercontent.com/a/ACg8ocJz4_Cliew1wPXMLOJ1cxC2l3KltRyMvitETfl-sUUCeYR7kQ=mo"}},"type":"DEPLOY","releaseTime":"2026-07-04T01:44:35.866Z","releaseUser":{"email":"adityajadhav0723@gmail.com","imageUrl":"https://lh3.googleusercontent.com/a/ACg8ocJz4_Cliew1wPXMLOJ1cxC2l3KltRyMvitETfl-sUUCeYR7kQ=mo"}}
[debug] [2026-07-04T01:44:36.800Z] [hosting] release: {"name":"projects/829400295191/sites/spillthereel-caa31/channels/live/releases/1783129475866000","version":{"name":"projects/829400295191/sites/spillthereel-caa31/versions/5d0e8c06cfd4018c","status":"FINALIZED","config":{"headers":[{"headers":{"Cache-Control":"public, max-age=31536000, immutable"},"glob":"**/*.@(js|css|webp|png|jpg|jpeg|svg|woff2)"}],"rewrites":[{"glob":"**","path":"/index.html"}]},"labels":{"deployment-tool":"cli-firebase"},"createTime":"2026-07-04T01:44:30.570114Z","createUser":{"email":"adityajadhav0723@gmail.com","imageUrl":"https://lh3.googleusercontent.com/a/ACg8ocJz4_Cliew1wPXMLOJ1cxC2l3KltRyMvitETfl-sUUCeYR7kQ=mo"},"finalizeTime":"2026-07-04T01:44:35.366270Z","finalizeUser":{"email":"adityajadhav0723@gmail.com","imageUrl":"https://lh3.googleusercontent.com/a/ACg8ocJz4_Cliew1wPXMLOJ1cxC2l3KltRyMvitETfl-sUUCeYR7kQ=mo"}},"type":"DEPLOY","releaseTime":"2026-07-04T01:44:35.866Z","releaseUser":{"email":"adityajadhav0723@gmail.com","imageUrl":"https://lh3.googleusercontent.com/a/ACg8ocJz4_Cliew1wPXMLOJ1cxC2l3KltRyMvitETfl-sUUCeYR7kQ=mo"}}
[info] ✔  hosting[spillthereel-caa31]: release complete 
[info] 
[info] ✔  Deploy complete! 
[info] 
[info] Project Console: https://console.firebase.google.com/project/spillthereel-caa31/overview
[info] Hosting URL: https://spillthereel-caa31.web.app
