[debug] [2026-07-03T22:18:43.971Z] ----------------------------------------------------------------------
[debug] [2026-07-03T22:18:43.972Z] Command:       /opt/homebrew/Cellar/node@20/20.20.2/bin/node /opt/homebrew/bin/firebase projects:create spillthereel-48201 -n spillthereel
[debug] [2026-07-03T22:18:43.972Z] CLI Version:   15.20.0
[debug] [2026-07-03T22:18:43.972Z] Platform:      darwin
[debug] [2026-07-03T22:18:43.972Z] Node Version:  v20.20.2
[debug] [2026-07-03T22:18:43.972Z] Time:          Sat Jul 04 2026 03:48:43 GMT+0530 (India Standard Time)
[debug] [2026-07-03T22:18:43.972Z] ----------------------------------------------------------------------
[debug] 
[debug] [2026-07-03T22:18:43.974Z] > command requires scopes: ["email","openid","https://www.googleapis.com/auth/cloudplatformprojects.readonly","https://www.googleapis.com/auth/firebase","https://www.googleapis.com/auth/cloud-platform"]
[debug] [2026-07-03T22:18:43.974Z] > authorizing via signed-in user (adityajadhav0723@gmail.com)
[debug] [2026-07-03T22:18:43.976Z] Checked if tokens are valid: true, expires at: 1783120206317
[debug] [2026-07-03T22:18:43.976Z] Checked if tokens are valid: true, expires at: 1783120206317
[debug] [2026-07-03T22:18:43.977Z] >>> [apiv2][query] POST https://cloudresourcemanager.googleapis.com/v1/projects [none]
[debug] [2026-07-03T22:18:43.977Z] >>> [apiv2][body] POST https://cloudresourcemanager.googleapis.com/v1/projects {"projectId":"spillthereel-48201","name":"spillthereel"}
[debug] [2026-07-03T22:18:45.653Z] <<< [apiv2][status] POST https://cloudresourcemanager.googleapis.com/v1/projects 409
[debug] [2026-07-03T22:18:45.653Z] <<< [apiv2][body] POST https://cloudresourcemanager.googleapis.com/v1/projects {"error":{"code":409,"message":"Requested entity already exists","status":"ALREADY_EXISTS"}}
[debug] [2026-07-03T22:18:46.003Z] FirebaseError: Request to https://cloudresourcemanager.googleapis.com/v1/projects had HTTP Error: 409, Requested entity already exists
    at responseToError (/opt/homebrew/lib/node_modules/firebase-tools/lib/responseToError.js:53:12)
    at RetryOperation._fn (/opt/homebrew/lib/node_modules/firebase-tools/lib/apiv2.js:333:77)
    at process.processTicksAndRejections (node:internal/process/task_queues:95:5)
[error] 
[error] Error: Failed to create project because there is already a project with ID spillthereel-48201. Please try again with a unique project ID.
[debug] [2026-07-03T22:18:52.091Z] ----------------------------------------------------------------------
[debug] [2026-07-03T22:18:52.092Z] Command:       /opt/homebrew/Cellar/node@20/20.20.2/bin/node /opt/homebrew/bin/firebase projects:create spillthereel-aditya -n spillthereel
[debug] [2026-07-03T22:18:52.092Z] CLI Version:   15.20.0
[debug] [2026-07-03T22:18:52.092Z] Platform:      darwin
[debug] [2026-07-03T22:18:52.092Z] Node Version:  v20.20.2
[debug] [2026-07-03T22:18:52.092Z] Time:          Sat Jul 04 2026 03:48:52 GMT+0530 (India Standard Time)
[debug] [2026-07-03T22:18:52.092Z] ----------------------------------------------------------------------
[debug] 
[debug] [2026-07-03T22:18:52.094Z] > command requires scopes: ["email","openid","https://www.googleapis.com/auth/cloudplatformprojects.readonly","https://www.googleapis.com/auth/firebase","https://www.googleapis.com/auth/cloud-platform"]
[debug] [2026-07-03T22:18:52.094Z] > authorizing via signed-in user (adityajadhav0723@gmail.com)
[debug] [2026-07-03T22:18:52.096Z] Checked if tokens are valid: true, expires at: 1783120206317
[debug] [2026-07-03T22:18:52.096Z] Checked if tokens are valid: true, expires at: 1783120206317
[debug] [2026-07-03T22:18:52.097Z] >>> [apiv2][query] POST https://cloudresourcemanager.googleapis.com/v1/projects [none]
[debug] [2026-07-03T22:18:52.097Z] >>> [apiv2][body] POST https://cloudresourcemanager.googleapis.com/v1/projects {"projectId":"spillthereel-aditya","name":"spillthereel"}
[debug] [2026-07-03T22:18:52.864Z] <<< [apiv2][status] POST https://cloudresourcemanager.googleapis.com/v1/projects 200
[debug] [2026-07-03T22:18:52.865Z] <<< [apiv2][body] POST https://cloudresourcemanager.googleapis.com/v1/projects {"name":"operations/create_project.global.6958248640674227628"}
[debug] [2026-07-03T22:18:52.865Z] Checked if tokens are valid: true, expires at: 1783120206317
[debug] [2026-07-03T22:18:52.865Z] Checked if tokens are valid: true, expires at: 1783120206317
[debug] [2026-07-03T22:18:52.865Z] >>> [apiv2][query] GET https://cloudresourcemanager.googleapis.com/v1/operations/create_project.global.6958248640674227628 [none]
[debug] [2026-07-03T22:18:54.261Z] <<< [apiv2][status] GET https://cloudresourcemanager.googleapis.com/v1/operations/create_project.global.6958248640674227628 200
[debug] [2026-07-03T22:18:54.261Z] <<< [apiv2][body] GET https://cloudresourcemanager.googleapis.com/v1/operations/create_project.global.6958248640674227628 {"name":"operations/create_project.global.6958248640674227628"}
[debug] [2026-07-03T22:18:54.763Z] [Project Creation Poller] Retrying task index 0
[debug] [2026-07-03T22:18:54.763Z] Checked if tokens are valid: true, expires at: 1783120206317
[debug] [2026-07-03T22:18:54.763Z] Checked if tokens are valid: true, expires at: 1783120206317
[debug] [2026-07-03T22:18:54.763Z] >>> [apiv2][query] GET https://cloudresourcemanager.googleapis.com/v1/operations/create_project.global.6958248640674227628 [none]
[debug] [2026-07-03T22:18:55.649Z] <<< [apiv2][status] GET https://cloudresourcemanager.googleapis.com/v1/operations/create_project.global.6958248640674227628 200
[debug] [2026-07-03T22:18:55.649Z] <<< [apiv2][body] GET https://cloudresourcemanager.googleapis.com/v1/operations/create_project.global.6958248640674227628 {"name":"operations/create_project.global.6958248640674227628","metadata":{"@type":"type.googleapis.com/google.cloudresourcemanager.v1.ProjectCreationStatus","gettable":true,"ready":true},"done":true,"response":{"@type":"type.googleapis.com/google.cloudresourcemanager.v1.Project","projectNumber":"899792343735","projectId":"spillthereel-aditya","lifecycleState":"ACTIVE","name":"spillthereel","createTime":"2026-07-03T22:18:52.528Z"}}
[debug] [2026-07-03T22:18:55.650Z] Checked if tokens are valid: true, expires at: 1783120206317
[debug] [2026-07-03T22:18:55.650Z] Checked if tokens are valid: true, expires at: 1783120206317
[debug] [2026-07-03T22:18:55.650Z] >>> [apiv2][query] POST https://firebase.googleapis.com/v1beta1/projects/spillthereel-aditya:addFirebase [none]
[debug] [2026-07-03T22:18:57.573Z] <<< [apiv2][status] POST https://firebase.googleapis.com/v1beta1/projects/spillthereel-aditya:addFirebase 403
[debug] [2026-07-03T22:18:57.573Z] <<< [apiv2][body] POST https://firebase.googleapis.com/v1beta1/projects/spillthereel-aditya:addFirebase {"error":{"code":403,"message":"The caller does not have permission","status":"PERMISSION_DENIED"}}
[debug] [2026-07-03T22:18:57.574Z] Request to https://firebase.googleapis.com/v1beta1/projects/spillthereel-aditya:addFirebase had HTTP Error: 403, The caller does not have permission
[debug] [2026-07-03T22:18:57.823Z] FirebaseError: Request to https://firebase.googleapis.com/v1beta1/projects/spillthereel-aditya:addFirebase had HTTP Error: 403, The caller does not have permission
    at responseToError (/opt/homebrew/lib/node_modules/firebase-tools/lib/responseToError.js:53:12)
    at RetryOperation._fn (/opt/homebrew/lib/node_modules/firebase-tools/lib/apiv2.js:333:77)
    at process.processTicksAndRejections (node:internal/process/task_queues:95:5)
[error] 
[error] Error: Failed to add Firebase to Google Cloud Platform project. See firebase-debug.log for more info.
